../Core/Src/freertos.c:168:6:MX_FREERTOS_Init	8	static
../Core/Src/freertos.c:222:6:StartDefaultTask	16	static
../Core/Src/freertos.c:235:6:blinkGreenTask	16	static
../Core/Src/freertos.c:245:6:radioTask	72	static
../Core/Src/freertos.c:287:6:wpTask	24	static
../Core/Src/freertos.c:305:6:imuTask	72	static
../Core/Src/freertos.c:357:6:escTask	144	static
../Core/Src/freertos.c:395:6:servoTask	160	static
../Core/Src/freertos.c:431:6:stanleyTask	120	static
../Core/Src/freertos.c:490:6:wirelessTask	352	static
../Core/Src/freertos.c:530:6:canTask	88	static
