../Core/Src/main.c:99:6:HAL_I2SEx_TxRxHalfCpltCallback	16	static
../Core/Src/main.c:106:6:HAL_I2SEx_TxRxCpltCallback	16	static
../Core/Src/main.c:113:6:processaudio_setup	16	static
../Core/Src/main.c:123:6:processData	24	static
../Core/Src/main.c:163:5:main	16	static
../Core/Src/main.c:243:6:SystemClock_Config	120	static
../Core/Src/main.c:302:13:MX_I2S3_Init	8	static
../Core/Src/main.c:338:13:MX_USART3_UART_Init	8	static
../Core/Src/main.c:384:13:MX_DMA_Init	16	static
../Core/Src/main.c:405:13:MX_GPIO_Init	48	static
../Core/Src/main.c:442:6:Error_Handler	4	static,ignoring_inline_asm
