../Core/Src/main.c:87:5:main	112	static
../Core/Src/main.c:215:6:SystemClock_Config	120	static
../Core/Src/main.c:274:13:MX_SPI1_Init	8	static
../Core/Src/main.c:322:13:MX_USART3_UART_Init	8	static
../Core/Src/main.c:370:13:MX_GPIO_Init	48	static
../Core/Src/main.c:410:6:mpu9250_write_reg	16	static
../Core/Src/main.c:417:6:mpu9250_read_reg	24	static
../Core/Src/main.c:426:6:read_mag	32	static
../Core/Src/main.c:453:6:init_mag	16	static
../Core/Src/main.c:469:6:calibrate_mag	80	static
../Core/Src/main.c:521:6:Error_Handler	4	static,ignoring_inline_asm
