../Core/Src/main.c:79:5:main	32	static
../Core/Src/main.c:173:6:SystemClock_Config	120	static
../Core/Src/main.c:232:13:MX_SPI1_Init	8	static
../Core/Src/main.c:280:13:MX_TIM1_Init	40	static
../Core/Src/main.c:328:13:MX_USART2_UART_Init	8	static
../Core/Src/main.c:376:13:MX_USART3_UART_Init	8	static
../Core/Src/main.c:424:13:MX_GPIO_Init	48	static
../Core/Src/main.c:474:6:mpu9250_write_reg	16	static
../Core/Src/main.c:482:6:mpu9250_read_reg	24	static
../Core/Src/main.c:491:6:HAL_TIM_PeriodElapsedCallback	16	static
../Core/Src/main.c:506:6:Error_Handler	4	static,ignoring_inline_asm
