13:51:47 **** Incremental Build of configuration Debug for project STM32H7_I2C_CM7 ****
make -j20 all 
arm-none-eabi-gcc "../Core/Src/main.c" -mcpu=cortex-m7 -std=gnu11 -g3 -DDEBUG -DCORE_CM7 -DUSE_HAL_DRIVER -DSTM32H755xx -c -I../Core/Inc -I../../Drivers/STM32H7xx_HAL_Driver/Inc -I../../Drivers/STM32H7xx_HAL_Driver/Inc/Legacy -I../../Drivers/CMSIS/Device/ST/STM32H7xx/Include -I../../Drivers/CMSIS/Include -O0 -ffunction-sections -fdata-sections -Wall -fstack-usage -MMD -MP -MF"Core/Src/main.d" -MT"Core/Src/main.o" --specs=nano.specs -mfpu=fpv5-d16 -mfloat-abi=hard -mthumb -o "Core/Src/main.o"
../Core/Src/main.c: In function 'main':
../Core/Src/main.c:150:52: warning: passing argument 3 of 'HAL_I2C_Master_Receive' from incompatible pointer type [-Wincompatible-pointer-types]
  150 |    HAL_I2C_Master_Receive(&hi2c2, (((0x68)<<1)+1), &msg, sizeof(msg), HAL_MAX_DELAY);
      |                                                    ^~~~
      |                                                    |
      |                                                    uint16_t * {aka short unsigned int *}
In file included from ../Core/Inc/stm32h7xx_hal_conf.h:362,
                 from ../../Drivers/STM32H7xx_HAL_Driver/Inc/stm32h7xx_hal.h:29,
                 from ../Core/Inc/main.h:30,
                 from ../Core/Src/main.c:20:
../../Drivers/STM32H7xx_HAL_Driver/Inc/stm32h7xx_hal_i2c.h:623:97: note: expected 'uint8_t *' {aka 'unsigned char *'} but argument is of type 'uint16_t *' {aka 'short unsigned int *'}
  623 | HAL_StatusTypeDef HAL_I2C_Master_Receive(I2C_HandleTypeDef *hi2c, uint16_t DevAddress, uint8_t *pData,
      |                                                                                        ~~~~~~~~~^~~~~
../Core/Src/main.c:144:11: warning: unused variable 'bytes' [-Wunused-variable]
  144 |   uint8_t bytes[2] = {data_sec,0};
      |           ^~~~~
../Core/Src/main.c:143:11: warning: unused variable 'rec' [-Wunused-variable]
  143 |   uint8_t rec[16] = {0,0,0,0,0,0,0,0,0,0,0,0,0,0,0,0};
      |           ^~~
../Core/Src/main.c:139:12: warning: unused variable 'addr' [-Wunused-variable]
  139 |   uint16_t addr = 0b11010001;
      |            ^~~~
../Core/Src/main.c:138:12: warning: unused variable 'addw' [-Wunused-variable]
  138 |   uint16_t addw = 0b11010000;
      |            ^~~~
arm-none-eabi-gcc -o "STM32H7_I2C_CM7.elf" @"objects.list"   -mcpu=cortex-m7 -T"C:\Users\maxpr\STM32CubeIDE\workspace_1.10.1\embedded_systems_603\STM32H7_I2C\CM7\STM32H755ZITX_FLASH.ld" --specs=nosys.specs -Wl,-Map="STM32H7_I2C_CM7.map" -Wl,--gc-sections -static --specs=nano.specs -mfpu=fpv5-d16 -mfloat-abi=hard -mthumb -Wl,--start-group -lc -lm -Wl,--end-group
Finished building target: STM32H7_I2C_CM7.elf
 
arm-none-eabi-size   STM32H7_I2C_CM7.elf 
arm-none-eabi-objdump -h -S  STM32H7_I2C_CM7.elf  > "STM32H7_I2C_CM7.list"
   text	   data	    bss	    dec	    hex	filename
  34568	    124	   2052	  36744	   8f88	STM32H7_I2C_CM7.elf
Finished building: default.size.stdout
 
Finished building: STM32H7_I2C_CM7.list
 

13:51:48 Build Finished. 0 errors, 5 warnings. (took 642ms)

